╭──────────────────────────────────────────────────────────────────────────────╮
│ ⣾  diff.patch                                                                │
│──────────────────────────────────────────────────────────────────────────────│
│   --- a                                                                      │
│   +++ b                                                                      │
│   -old                                                                       │
│   +new                                                                       │
│   +added                                                                     │
╰──────────────────────────────────────────────────────────────────────────────╯











⣾ Generating                                                        Context: 42%