╭──────────────────────────────────────────────────────────────────────────────╮
│ ⣾  Build Project                                                             │
│──────────────────────────────────────────────────────────────────────────────│
│   $ make build                                                               │
│──────────────────────────────────────────────────────────────────────────────│
│   Compiling...                                                               │
╰──────────────────────────────────────────────────────────────────────────────╯




⣾ Generating                                                        Context: 42%