1 question unanswered: 2                                                    
                                                                            
● 1. Submit                                                                 
  2. Go back                                                                
                                                                            
─────────────────────────────────────────────────────────────────────────── 
↑/↓/←/→ navigate   Enter select   c custom   q quit   s submit              