
                                                                              
    func main() {                                                             
    }                                                                         

















⣾ Generating                                                        Context: 42%