╭──────────────────────────────────────────────────────────────────────────────╮
│ ⣾  Tool A Running...                                                         │
╰──────────────────────────────────────────────────────────────────────────────╯


















⣾ Generating                                                        Context: 42%