╭──────────────────────────────────────────────────────────────────────────────╮
│ ⣾  Tool A Running...                                                         │
╰──────────────────────────────────────────────────────────────────────────────╯
╭──────────────────────────────────────────────────────────────────────────────╮
│ ✓ Tool B Running...                                                          │
╰──────────────────────────────────────────────────────────────────────────────╯















⣾ Generating                                                        Context: 42%